[2026-08-25T17:30:03.188554+00:00] upserted 20 candles. Latest: 2026-08-25T17:25:00Z  close=4640.0789
[2026-08-25T17:35:05.324341+00:00] upserted 20 candles. Latest: 2026-08-25T17:30:00Z  close=4639.06103
[2026-08-25T17:40:07.929016+00:00] upserted 20 candles. Latest: 2026-08-25T17:35:00Z  close=4642.55167
[2026-08-25T17:45:08.544862+00:00] upserted 20 candles. Latest: 2026-08-25T17:40:00Z  close=4643.88659
[2026-08-25T17:50:07.625402+00:00] upserted 20 candles. Latest: 2026-08-25T17:45:00Z  close=4645.52146
[2026-08-25T17:55:05.305116+00:00] upserted 20 candles. Latest: 2026-08-25T17:50:00Z  close=4643.55356
[2026-08-25T18:00:02.627154+00:00] upserted 20 candles. Latest: 2026-08-25T17:55:00Z  close=4646.90233
[2026-08-25T18:05:03.760092+00:00] upserted 20 candles. Latest: 2026-08-25T18:00:00Z  close=4645.64343
[2026-08-25T18:10:02.292834+00:00] upserted 20 candles. Latest: 2026-08-25T18:05:00Z  close=4647.20118
[2026-08-25T18:15:02.258474+00:00] upserted 20 candles. Latest: 2026-08-25T18:10:00Z  close=4650.16254
[2026-08-25T18:20:02.185704+00:00] upserted 20 candles. Latest: 2026-08-25T18:15:00Z  close=4647.89386
[2026-08-25T18:25:02.438385+00:00] upserted 20 candles. Latest: 2026-08-25T18:20:00Z  close=4649.38056
[2026-08-25T18:30:04.281833+00:00] upserted 20 candles. Latest: 2026-08-25T18:25:00Z  close=4649.33901
[2026-08-25T18:35:04.090008+00:00] upserted 20 candles. Latest: 2026-08-25T18:30:00Z  close=4647.18676
[2026-08-25T18:40:04.138906+00:00] upserted 20 candles. Latest: 2026-08-25T18:35:00Z  close=4646.88151
[2026-08-25T18:45:03.065049+00:00] upserted 20 candles. Latest: 2026-08-25T18:40:00Z  close=4649.82553
[2026-08-25T18:50:01.953390+00:00] upserted 20 candles. Latest: 2026-08-25T18:45:00Z  close=4651.73639
[2026-08-25T18:55:06.914100+00:00] upserted 20 candles. Latest: 2026-08-25T18:50:00Z  close=4650.81421
[2026-08-25T19:00:03.467884+00:00] upserted 20 candles. Latest: 2026-08-25T18:55:00Z  close=4653.19475
[2026-08-25T19:05:04.362362+00:00] upserted 20 candles. Latest: 2026-08-25T19:00:00Z  close=4655.76055
[2026-08-25T19:10:02.640968+00:00] upserted 20 candles. Latest: 2026-08-25T19:05:00Z  close=4659.04728
[2026-08-25T19:15:09.498789+00:00] upserted 20 candles. Latest: 2026-08-25T19:10:00Z  close=4661.17106
[WARN] Network request failed: HTTPSConnectionPool(host='api.twelvedata.com', port=443): Max retries exceeded with url: /time_series?symbol=XAU%2FUSD&interval=5min&outputsize=20&apikey=e3a6e613e63e468889d1231afaae460d&order=ASC&timezone=UTC (Caused by NewConnectionError("HTTPSConnection(host='api.twelvedata.com', port=443): Failed to establish a new connection: [Errno 101] Network is unreachable"))
[2026-08-25T19:21:01.952357+00:00] No new data returned. Skipping.
[2026-08-25T19:25:04.406613+00:00] upserted 20 candles. Latest: 2026-08-25T19:20:00Z  close=4664.69111
[2026-08-25T19:30:03.509242+00:00] upserted 20 candles. Latest: 2026-08-25T19:25:00Z  close=4660.57183
[2026-08-25T19:35:03.617874+00:00] upserted 20 candles. Latest: 2026-08-25T19:30:00Z  close=4661.24791
[2026-08-25T19:40:04.620426+00:00] upserted 20 candles. Latest: 2026-08-25T19:35:00Z  close=4658.66211
[2026-08-25T19:45:03.753495+00:00] upserted 20 candles. Latest: 2026-08-25T19:40:00Z  close=4661.22853
[2026-08-25T19:50:04.967452+00:00] upserted 20 candles. Latest: 2026-08-25T19:45:00Z  close=4661.81653
[2026-08-25T19:55:02.216461+00:00] upserted 20 candles. Latest: 2026-08-25T19:50:00Z  close=4664.20388
[2026-08-25T20:00:04.433189+00:00] upserted 20 candles. Latest: 2026-08-25T19:55:00Z  close=4665.18897
[2026-08-25T20:05:08.667291+00:00] upserted 20 candles. Latest: 2026-08-25T20:00:00Z  close=4665.59738
[2026-08-25T20:10:05.720764+00:00] upserted 20 candles. Latest: 2026-08-25T20:05:00Z  close=4663.22645
[2026-08-25T20:15:02.169758+00:00] upserted 20 candles. Latest: 2026-08-25T20:10:00Z  close=4667.31578
[2026-08-25T20:20:02.737452+00:00] upserted 20 candles. Latest: 2026-08-25T20:15:00Z  close=4665.76824
[2026-08-25T20:25:02.107366+00:00] upserted 20 candles. Latest: 2026-08-25T20:20:00Z  close=4667.02967
[2026-08-25T20:30:04.025474+00:00] upserted 20 candles. Latest: 2026-08-25T20:25:00Z  close=4662.88221
[2026-08-25T20:35:05.145307+00:00] upserted 20 candles. Latest: 2026-08-25T20:30:00Z  close=4663.61711
[2026-08-25T20:40:02.156827+00:00] upserted 20 candles. Latest: 2026-08-25T20:35:00Z  close=4661.73348
[2026-08-25T20:45:02.131935+00:00] upserted 20 candles. Latest: 2026-08-25T20:40:00Z  close=4661.25123
[2026-08-25T20:50:02.643344+00:00] upserted 20 candles. Latest: 2026-08-25T20:45:00Z  close=4662.37951
[2026-08-25T20:55:01.638343+00:00] upserted 20 candles. Latest: 2026-08-25T20:50:00Z  close=4659.66061
[2026-08-25T21:00:06.911598+00:00] upserted 20 candles. Latest: 2026-08-25T20:55:00Z  close=4659.14997
[2026-08-25T21:05:02.146835+00:00] upserted 20 candles. Latest: 2026-08-25T21:00:00Z  close=4658.70396
[2026-08-25T21:10:03.308158+00:00] upserted 20 candles. Latest: 2026-08-25T21:05:00Z  close=4658.54716
[2026-08-25T21:15:03.453470+00:00] upserted 20 candles. Latest: 2026-08-25T21:10:00Z  close=4658.61986
[2026-08-25T21:20:03.774329+00:00] upserted 20 candles. Latest: 2026-08-25T21:15:00Z  close=4658.71486
[2026-08-25T21:25:07.939752+00:00] upserted 20 candles. Latest: 2026-08-25T21:20:00Z  close=4658.71144
[2026-08-25T21:30:02.321024+00:00] upserted 20 candles. Latest: 2026-08-25T21:25:00Z  close=4658.8024
[2026-08-25T21:35:03.072706+00:00] upserted 20 candles. Latest: 2026-08-25T21:30:00Z  close=4658.74063
[2026-08-25T21:40:02.448467+00:00] upserted 20 candles. Latest: 2026-08-25T21:35:00Z  close=4658.82563
[2026-08-25T21:45:03.095903+00:00] upserted 20 candles. Latest: 2026-08-25T21:40:00Z  close=4658.70581
[2026-08-25T21:50:02.777177+00:00] upserted 20 candles. Latest: 2026-08-25T21:45:00Z  close=4658.77281
[2026-08-25T21:55:02.895794+00:00] upserted 20 candles. Latest: 2026-08-25T21:50:00Z  close=4658.53272
[2026-08-25T22:00:02.410294+00:00] upserted 20 candles. Latest: 2026-08-25T21:55:00Z  close=4658.39904
[2026-08-25T22:05:02.684968+00:00] upserted 20 candles. Latest: 2026-08-25T22:00:00Z  close=4660.53016
[2026-08-25T22:10:02.531034+00:00] upserted 20 candles. Latest: 2026-08-25T22:05:00Z  close=4660.75017
[2026-08-25T22:15:02.535313+00:00] upserted 20 candles. Latest: 2026-08-25T22:10:00Z  close=4662.46655
[2026-08-25T22:20:02.742704+00:00] upserted 20 candles. Latest: 2026-08-25T22:15:00Z  close=4666.2097
[2026-08-25T22:25:03.398826+00:00] upserted 20 candles. Latest: 2026-08-25T22:20:00Z  close=4665.77293
[2026-08-25T22:30:05.824823+00:00] upserted 20 candles. Latest: 2026-08-25T22:25:00Z  close=4666.61584
[2026-08-25T22:35:04.343937+00:00] upserted 20 candles. Latest: 2026-08-25T22:30:00Z  close=4667.18632
[2026-08-25T22:40:03.898034+00:00] upserted 20 candles. Latest: 2026-08-25T22:35:00Z  close=4670.21958
[2026-08-25T22:45:04.034712+00:00] upserted 20 candles. Latest: 2026-08-25T22:40:00Z  close=4669.45014
[2026-08-25T22:50:01.996123+00:00] upserted 20 candles. Latest: 2026-08-25T22:45:00Z  close=4670.78141
[2026-08-25T22:55:02.379923+00:00] upserted 20 candles. Latest: 2026-08-25T22:50:00Z  close=4673.48613
[2026-08-25T23:00:02.356982+00:00] upserted 20 candles. Latest: 2026-08-25T22:55:00Z  close=4673.29736
[2026-08-25T23:05:02.564306+00:00] upserted 20 candles. Latest: 2026-08-25T23:00:00Z  close=4671.06031
[2026-08-25T23:10:03.602753+00:00] upserted 20 candles. Latest: 2026-08-25T23:05:00Z  close=4670.63016
[2026-08-25T23:15:02.603583+00:00] upserted 20 candles. Latest: 2026-08-25T23:10:00Z  close=4667.6095
[2026-08-25T23:20:04.629820+00:00] upserted 20 candles. Latest: 2026-08-25T23:15:00Z  close=4667.59773
[2026-08-25T23:25:03.379170+00:00] upserted 20 candles. Latest: 2026-08-25T23:20:00Z  close=4663.75947
[2026-08-25T23:30:03.398132+00:00] upserted 20 candles. Latest: 2026-08-25T23:25:00Z  close=4660.95565
[2026-08-25T23:35:02.453938+00:00] upserted 20 candles. Latest: 2026-08-25T23:30:00Z  close=4660.80438
[2026-08-25T23:40:05.197832+00:00] upserted 20 candles. Latest: 2026-08-25T23:35:00Z  close=4660.42351
[2026-08-25T23:45:03.915692+00:00] upserted 20 candles. Latest: 2026-08-25T23:40:00Z  close=4656.36804
[2026-08-25T23:50:01.840151+00:00] upserted 20 candles. Latest: 2026-08-25T23:45:00Z  close=4658.44336
[2026-08-25T23:55:01.818143+00:00] upserted 20 candles. Latest: 2026-08-25T23:50:00Z  close=4656.54633
[2026-08-26T00:00:03.301973+00:00] upserted 20 candles. Latest: 2026-08-25T23:55:00Z  close=4655.23564
[2026-08-26T00:05:02.755319+00:00] upserted 20 candles. Latest: 2026-08-26T00:00:00Z  close=4655.08753
[2026-08-26T00:10:01.860079+00:00] upserted 20 candles. Latest: 2026-08-26T00:05:00Z  close=4652.24661
[2026-08-26T00:15:02.180447+00:00] upserted 20 candles. Latest: 2026-08-26T00:10:00Z  close=4654.1137
[2026-08-26T00:20:03.633717+00:00] upserted 20 candles. Latest: 2026-08-26T00:15:00Z  close=4653.71391
[2026-08-26T00:25:03.142699+00:00] upserted 20 candles. Latest: 2026-08-26T00:20:00Z  close=4646.21046
[2026-08-26T00:30:04.165262+00:00] upserted 20 candles. Latest: 2026-08-26T00:25:00Z  close=4645.88084
[2026-08-26T00:35:02.211051+00:00] upserted 20 candles. Latest: 2026-08-26T00:30:00Z  close=4648.83232
[2026-08-26T00:40:03.237057+00:00] upserted 20 candles. Latest: 2026-08-26T00:35:00Z  close=4641.43689
[2026-08-26T00:45:02.432660+00:00] upserted 20 candles. Latest: 2026-08-26T00:40:00Z  close=4637.9234
[2026-08-26T00:50:02.934881+00:00] upserted 20 candles. Latest: 2026-08-26T00:45:00Z  close=4637.31669
[2026-08-26T00:55:01.887978+00:00] upserted 20 candles. Latest: 2026-08-26T00:50:00Z  close=4636.59559
[2026-08-26T01:00:05.045918+00:00] upserted 20 candles. Latest: 2026-08-26T00:55:00Z  close=4637.82722
[2026-08-26T01:05:02.198466+00:00] upserted 20 candles. Latest: 2026-08-26T01:00:00Z  close=4640.91098
[2026-08-26T01:10:02.137986+00:00] upserted 20 candles. Latest: 2026-08-26T01:05:00Z  close=4642.85837
[2026-08-26T01:15:03.290977+00:00] upserted 20 candles. Latest: 2026-08-26T01:10:00Z  close=4645.17644
[2026-08-26T01:20:02.918361+00:00] upserted 20 candles. Latest: 2026-08-26T01:15:00Z  close=4650.19046
[2026-08-26T01:25:04.058069+00:00] upserted 20 candles. Latest: 2026-08-26T01:20:00Z  close=4648.74861
[2026-08-26T01:30:02.049693+00:00] upserted 20 candles. Latest: 2026-08-26T01:25:00Z  close=4646.00525
[2026-08-26T01:35:02.001235+00:00] upserted 20 candles. Latest: 2026-08-26T01:30:00Z  close=4641.98166
[2026-08-26T01:40:01.971490+00:00] upserted 20 candles. Latest: 2026-08-26T01:35:00Z  close=4646.38073
[2026-08-26T01:45:02.301864+00:00] upserted 20 candles. Latest: 2026-08-26T01:40:00Z  close=4643.79178
[2026-08-26T01:50:02.189554+00:00] upserted 20 candles. Latest: 2026-08-26T01:45:00Z  close=4643.92315
[2026-08-26T01:55:02.125787+00:00] upserted 20 candles. Latest: 2026-08-26T01:50:00Z  close=4652.83555
[2026-08-26T02:00:03.253792+00:00] upserted 20 candles. Latest: 2026-08-26T01:55:00Z  close=4658.86747
[2026-08-26T02:05:03.254233+00:00] upserted 20 candles. Latest: 2026-08-26T02:00:00Z  close=4657.87413
[2026-08-26T02:10:02.207819+00:00] upserted 20 candles. Latest: 2026-08-26T02:05:00Z  close=4660.60152
[2026-08-26T02:15:02.217992+00:00] upserted 20 candles. Latest: 2026-08-26T02:10:00Z  close=4658.48898
[2026-08-26T02:20:02.163668+00:00] upserted 20 candles. Latest: 2026-08-26T02:15:00Z  close=4660.58917
[2026-08-26T02:25:02.103695+00:00] upserted 20 candles. Latest: 2026-08-26T02:20:00Z  close=4660.04114
[2026-08-26T02:30:03.741152+00:00] upserted 20 candles. Latest: 2026-08-26T02:25:00Z  close=4657.60271
[2026-08-26T02:35:01.707455+00:00] upserted 20 candles. Latest: 2026-08-26T02:30:00Z  close=4660.18643
[2026-08-26T02:40:01.723784+00:00] upserted 20 candles. Latest: 2026-08-26T02:35:00Z  close=4660.58976
[2026-08-26T02:45:02.741121+00:00] upserted 20 candles. Latest: 2026-08-26T02:40:00Z  close=4668.88847
[2026-08-26T02:50:01.775801+00:00] upserted 20 candles. Latest: 2026-08-26T02:45:00Z  close=4667.29302
[2026-08-26T02:55:01.658897+00:00] upserted 20 candles. Latest: 2026-08-26T02:50:00Z  close=4662.80126
[2026-08-26T03:00:04.006449+00:00] upserted 20 candles. Latest: 2026-08-26T02:55:00Z  close=4659.08883
[2026-08-26T03:05:02.980085+00:00] upserted 20 candles. Latest: 2026-08-26T03:00:00Z  close=4656.96109
[2026-08-26T03:10:02.050822+00:00] upserted 20 candles. Latest: 2026-08-26T03:05:00Z  close=4651.16029
[2026-08-26T03:15:02.612689+00:00] upserted 20 candles. Latest: 2026-08-26T03:10:00Z  close=4648.32638
[2026-08-26T03:20:02.554294+00:00] upserted 20 candles. Latest: 2026-08-26T03:15:00Z  close=4646.94825
[2026-08-26T03:25:02.568288+00:00] upserted 20 candles. Latest: 2026-08-26T03:20:00Z  close=4650.00042
[2026-08-26T03:30:05.501784+00:00] upserted 20 candles. Latest: 2026-08-26T03:25:00Z  close=4648.52618
[2026-08-26T03:35:02.537373+00:00] upserted 20 candles. Latest: 2026-08-26T03:30:00Z  close=4649.83625
[2026-08-26T03:40:02.534767+00:00] upserted 20 candles. Latest: 2026-08-26T03:35:00Z  close=4649.84645
[2026-08-26T03:45:02.547063+00:00] upserted 20 candles. Latest: 2026-08-26T03:40:00Z  close=4646.68294
[2026-08-26T03:50:02.809044+00:00] upserted 20 candles. Latest: 2026-08-26T03:45:00Z  close=4644.32701
[2026-08-26T03:55:01.727461+00:00] upserted 20 candles. Latest: 2026-08-26T03:50:00Z  close=4645.35398
[2026-08-26T04:00:03.296673+00:00] upserted 20 candles. Latest: 2026-08-26T03:55:00Z  close=4643.64679
[2026-08-26T04:05:03.188632+00:00] upserted 20 candles. Latest: 2026-08-26T04:00:00Z  close=4643.05231
[2026-08-26T04:10:02.174877+00:00] upserted 20 candles. Latest: 2026-08-26T04:05:00Z  close=4641.85231
[2026-08-26T04:15:02.872153+00:00] upserted 20 candles. Latest: 2026-08-26T04:10:00Z  close=4643.3336
[2026-08-26T04:20:03.210387+00:00] upserted 20 candles. Latest: 2026-08-26T04:15:00Z  close=4642.16828
[2026-08-26T04:25:02.182708+00:00] upserted 20 candles. Latest: 2026-08-26T04:20:00Z  close=4642.66531
[2026-08-26T04:30:02.155739+00:00] upserted 20 candles. Latest: 2026-08-26T04:25:00Z  close=4641.17402
[2026-08-26T04:35:02.084394+00:00] upserted 20 candles. Latest: 2026-08-26T04:30:00Z  close=4643.10908
[2026-08-26T04:40:02.010123+00:00] upserted 20 candles. Latest: 2026-08-26T04:35:00Z  close=4642.01295
[2026-08-26T04:45:03.671102+00:00] upserted 20 candles. Latest: 2026-08-26T04:40:00Z  close=4641.51569
[2026-08-26T04:50:01.728768+00:00] upserted 20 candles. Latest: 2026-08-26T04:45:00Z  close=4639.67173
[2026-08-26T04:55:01.617332+00:00] upserted 20 candles. Latest: 2026-08-26T04:50:00Z  close=4641.09922
[2026-08-26T05:00:02.952795+00:00] upserted 20 candles. Latest: 2026-08-26T04:55:00Z  close=4640.29406
[2026-08-26T05:05:03.428730+00:00] upserted 20 candles. Latest: 2026-08-26T05:00:00Z  close=4642.83407
[2026-08-26T05:10:05.039539+00:00] upserted 20 candles. Latest: 2026-08-26T05:05:00Z  close=4644.04324
[2026-08-26T05:15:04.701589+00:00] upserted 20 candles. Latest: 2026-08-26T05:10:00Z  close=4642.70505
[2026-08-26T05:20:03.250733+00:00] upserted 20 candles. Latest: 2026-08-26T05:15:00Z  close=4643.50482
[2026-08-26T05:25:02.476315+00:00] upserted 20 candles. Latest: 2026-08-26T05:20:00Z  close=4642.42651
[2026-08-26T05:30:04.609911+00:00] upserted 20 candles. Latest: 2026-08-26T05:25:00Z  close=4644.32532
[2026-08-26T05:35:02.622302+00:00] upserted 20 candles. Latest: 2026-08-26T05:30:00Z  close=4646.64265
[2026-08-26T05:40:04.852981+00:00] upserted 20 candles. Latest: 2026-08-26T05:35:00Z  close=4640.74275
[2026-08-26T05:45:01.800409+00:00] upserted 20 candles. Latest: 2026-08-26T05:40:00Z  close=4645.92173
[2026-08-26T05:50:01.732342+00:00] upserted 20 candles. Latest: 2026-08-26T05:45:00Z  close=4638.5576
[2026-08-26T05:55:01.695266+00:00] upserted 20 candles. Latest: 2026-08-26T05:50:00Z  close=4639.71693
[2026-08-26T06:00:02.876615+00:00] upserted 20 candles. Latest: 2026-08-26T05:55:00Z  close=4638.96794
[2026-08-26T06:05:02.096230+00:00] upserted 20 candles. Latest: 2026-08-26T06:00:00Z  close=4637.09291
[2026-08-26T06:10:03.892798+00:00] upserted 20 candles. Latest: 2026-08-26T06:05:00Z  close=4638.7143
[2026-08-26T06:15:01.828782+00:00] upserted 20 candles. Latest: 2026-08-26T06:10:00Z  close=4638.68732
[2026-08-26T06:20:02.348086+00:00] upserted 20 candles. Latest: 2026-08-26T06:15:00Z  close=4632.78923
[2026-08-26T06:25:02.823050+00:00] upserted 20 candles. Latest: 2026-08-26T06:20:00Z  close=4628.87052
[2026-08-26T06:30:02.010823+00:00] upserted 20 candles. Latest: 2026-08-26T06:25:00Z  close=4628.48433
[2026-08-26T06:35:02.448648+00:00] upserted 20 candles. Latest: 2026-08-26T06:30:00Z  close=4630.13211
[2026-08-26T06:40:02.944574+00:00] upserted 20 candles. Latest: 2026-08-26T06:35:00Z  close=4628.01948
[2026-08-26T06:45:01.924305+00:00] upserted 20 candles. Latest: 2026-08-26T06:40:00Z  close=4632.67265
[2026-08-26T06:50:02.913327+00:00] upserted 20 candles. Latest: 2026-08-26T06:45:00Z  close=4636.2104
[2026-08-26T06:55:02.963904+00:00] upserted 20 candles. Latest: 2026-08-26T06:50:00Z  close=4634.96044
[2026-08-26T07:00:01.973439+00:00] upserted 20 candles. Latest: 2026-08-26T06:55:00Z  close=4633.04723
[2026-08-26T07:05:02.216959+00:00] upserted 20 candles. Latest: 2026-08-26T07:00:00Z  close=4638.3894
[2026-08-26T07:10:03.272113+00:00] upserted 20 candles. Latest: 2026-08-26T07:05:00Z  close=4635.14985
[2026-08-26T07:15:02.399603+00:00] upserted 20 candles. Latest: 2026-08-26T07:10:00Z  close=4634.31658
[2026-08-26T07:20:04.141928+00:00] upserted 20 candles. Latest: 2026-08-26T07:15:00Z  close=4637.78213
[2026-08-26T07:25:02.170028+00:00] upserted 20 candles. Latest: 2026-08-26T07:20:00Z  close=4634.06559
[2026-08-26T07:30:02.239114+00:00] upserted 20 candles. Latest: 2026-08-26T07:25:00Z  close=4632.92537
[2026-08-26T07:35:02.186413+00:00] upserted 20 candles. Latest: 2026-08-26T07:30:00Z  close=4634.13543
[2026-08-26T07:40:02.172289+00:00] upserted 20 candles. Latest: 2026-08-26T07:35:00Z  close=4632.95466
[2026-08-26T07:45:02.088623+00:00] upserted 20 candles. Latest: 2026-08-26T07:40:00Z  close=4630.32579
[2026-08-26T07:50:02.069981+00:00] upserted 20 candles. Latest: 2026-08-26T07:45:00Z  close=4632.37781
[2026-08-26T07:55:02.696746+00:00] upserted 20 candles. Latest: 2026-08-26T07:50:00Z  close=4628.40577
[2026-08-26T08:00:01.740265+00:00] upserted 20 candles. Latest: 2026-08-26T07:55:00Z  close=4626.8424
[2026-08-26T08:05:01.698923+00:00] upserted 20 candles. Latest: 2026-08-26T08:00:00Z  close=4629.31675
[2026-08-26T08:10:01.690831+00:00] upserted 20 candles. Latest: 2026-08-26T08:05:00Z  close=4626.89266
[2026-08-26T08:15:02.570326+00:00] upserted 20 candles. Latest: 2026-08-26T08:10:00Z  close=4627.67002
[2026-08-26T08:20:02.517950+00:00] upserted 20 candles. Latest: 2026-08-26T08:15:00Z  close=4627.38283
[2026-08-26T08:25:02.461142+00:00] upserted 20 candles. Latest: 2026-08-26T08:20:00Z  close=4623.7469
[2026-08-26T08:30:03.505844+00:00] upserted 20 candles. Latest: 2026-08-26T08:25:00Z  close=4628.226
[2026-08-26T08:35:02.453928+00:00] upserted 20 candles. Latest: 2026-08-26T08:30:00Z  close=4627.71604
[2026-08-26T08:40:02.854049+00:00] upserted 20 candles. Latest: 2026-08-26T08:35:00Z  close=4630.59692
[2026-08-26T08:45:04.707708+00:00] upserted 20 candles. Latest: 2026-08-26T08:40:00Z  close=4628.93334
[2026-08-26T08:50:01.657813+00:00] upserted 20 candles. Latest: 2026-08-26T08:45:00Z  close=4628.2405
[2026-08-26T08:55:02.679410+00:00] upserted 20 candles. Latest: 2026-08-26T08:50:00Z  close=4628.44946
[2026-08-26T09:00:06.710877+00:00] upserted 20 candles. Latest: 2026-08-26T08:55:00Z  close=4626.58793
[2026-08-26T09:05:01.619797+00:00] upserted 20 candles. Latest: 2026-08-26T09:00:00Z  close=4630.79259
[2026-08-26T09:10:02.925137+00:00] upserted 20 candles. Latest: 2026-08-26T09:05:00Z  close=4627.54831
[2026-08-26T09:15:01.954905+00:00] upserted 20 candles. Latest: 2026-08-26T09:10:00Z  close=4627.69747
[2026-08-26T09:20:02.239200+00:00] upserted 20 candles. Latest: 2026-08-26T09:15:00Z  close=4622.52374
[2026-08-26T09:25:02.474862+00:00] upserted 20 candles. Latest: 2026-08-26T09:20:00Z  close=4620.75329
[2026-08-26T09:30:02.492530+00:00] upserted 20 candles. Latest: 2026-08-26T09:25:00Z  close=4616.78704
[2026-08-26T09:35:05.030027+00:00] upserted 20 candles. Latest: 2026-08-26T09:30:00Z  close=4621.90492
[2026-08-26T09:40:07.094883+00:00] upserted 20 candles. Latest: 2026-08-26T09:35:00Z  close=4621.04315
[2026-08-26T09:45:02.613613+00:00] upserted 20 candles. Latest: 2026-08-26T09:40:00Z  close=4620.72893
[2026-08-26T09:50:02.617734+00:00] upserted 20 candles. Latest: 2026-08-26T09:45:00Z  close=4624.19696
[2026-08-26T09:55:02.669443+00:00] upserted 20 candles. Latest: 2026-08-26T09:50:00Z  close=4623.60642
[2026-08-26T10:00:03.825017+00:00] upserted 20 candles. Latest: 2026-08-26T09:55:00Z  close=4623.9974
[2026-08-26T10:05:02.595680+00:00] upserted 20 candles. Latest: 2026-08-26T10:00:00Z  close=4621.58349
[2026-08-26T10:10:03.510458+00:00] upserted 20 candles. Latest: 2026-08-26T10:05:00Z  close=4623.01364
[2026-08-26T10:15:02.490659+00:00] upserted 20 candles. Latest: 2026-08-26T10:10:00Z  close=4618.85271
[2026-08-26T10:20:02.549809+00:00] upserted 20 candles. Latest: 2026-08-26T10:15:00Z  close=4620.03777
[2026-08-26T10:25:03.004569+00:00] upserted 20 candles. Latest: 2026-08-26T10:20:00Z  close=4615.69942
[2026-08-26T10:30:02.501290+00:00] upserted 20 candles. Latest: 2026-08-26T10:25:00Z  close=4614.14194
[2026-08-26T10:35:03.470400+00:00] upserted 20 candles. Latest: 2026-08-26T10:30:00Z  close=4618.44325
[2026-08-26T10:40:02.451018+00:00] upserted 20 candles. Latest: 2026-08-26T10:35:00Z  close=4621.49176
[2026-08-26T10:45:03.886711+00:00] upserted 20 candles. Latest: 2026-08-26T10:40:00Z  close=4622.298
[2026-08-26T10:50:01.877954+00:00] upserted 20 candles. Latest: 2026-08-26T10:45:00Z  close=4622.6161
[2026-08-26T10:55:02.149605+00:00] upserted 20 candles. Latest: 2026-08-26T10:50:00Z  close=4622.84387
[2026-08-26T11:00:02.126376+00:00] upserted 20 candles. Latest: 2026-08-26T10:55:00Z  close=4620.54717
[2026-08-26T11:05:02.094512+00:00] upserted 20 candles. Latest: 2026-08-26T11:00:00Z  close=4620.98928
[2026-08-26T11:10:02.205842+00:00] upserted 20 candles. Latest: 2026-08-26T11:05:00Z  close=4618.57279
[2026-08-26T11:15:02.133153+00:00] upserted 20 candles. Latest: 2026-08-26T11:10:00Z  close=4617.53442
[2026-08-26T11:20:02.309338+00:00] upserted 20 candles. Latest: 2026-08-26T11:15:00Z  close=4621.46024
[2026-08-26T11:25:02.397497+00:00] upserted 20 candles. Latest: 2026-08-26T11:20:00Z  close=4617.68804
[2026-08-26T11:30:02.382619+00:00] upserted 20 candles. Latest: 2026-08-26T11:25:00Z  close=4620.36026
[2026-08-26T11:35:02.465049+00:00] upserted 20 candles. Latest: 2026-08-26T11:30:00Z  close=4622.59459
[2026-08-26T11:40:02.943977+00:00] upserted 20 candles. Latest: 2026-08-26T11:35:00Z  close=4618.22632
[2026-08-26T11:45:02.892727+00:00] upserted 20 candles. Latest: 2026-08-26T11:40:00Z  close=4618.21458
[2026-08-26T11:50:01.906816+00:00] upserted 20 candles. Latest: 2026-08-26T11:45:00Z  close=4617.71768
[2026-08-26T11:55:02.793128+00:00] upserted 20 candles. Latest: 2026-08-26T11:50:00Z  close=4619.16598
[2026-08-26T12:00:01.793097+00:00] upserted 20 candles. Latest: 2026-08-26T11:55:00Z  close=4624.23423
[2026-08-26T12:05:04.414068+00:00] upserted 20 candles. Latest: 2026-08-26T12:00:00Z  close=4628.34113
[2026-08-26T12:10:02.863415+00:00] upserted 20 candles. Latest: 2026-08-26T12:05:00Z  close=4628.30084
[2026-08-26T12:15:03.002213+00:00] upserted 20 candles. Latest: 2026-08-26T12:10:00Z  close=4627.07612
[2026-08-26T12:20:02.741711+00:00] upserted 20 candles. Latest: 2026-08-26T12:15:00Z  close=4627.80574
[2026-08-26T12:25:01.748195+00:00] upserted 20 candles. Latest: 2026-08-26T12:20:00Z  close=4627.17342
[2026-08-26T12:30:04.305879+00:00] upserted 20 candles. Latest: 2026-08-26T12:25:00Z  close=4630.23061
[2026-08-26T12:35:03.114639+00:00] upserted 20 candles. Latest: 2026-08-26T12:30:00Z  close=4616.13423
[2026-08-26T12:40:03.303356+00:00] upserted 20 candles. Latest: 2026-08-26T12:35:00Z  close=4624.33656
[2026-08-26T12:45:02.338519+00:00] upserted 20 candles. Latest: 2026-08-26T12:40:00Z  close=4616.63086
[2026-08-26T12:50:02.351626+00:00] upserted 20 candles. Latest: 2026-08-26T12:45:00Z  close=4618.59525
[2026-08-26T12:55:02.499696+00:00] upserted 20 candles. Latest: 2026-08-26T12:50:00Z  close=4619.95728
[2026-08-26T13:00:03.493321+00:00] upserted 20 candles. Latest: 2026-08-26T12:55:00Z  close=4617.32918
[WARN] Network request failed: HTTPSConnectionPool(host='api.twelvedata.com', port=443): Read timed out. (read timeout=20)
[2026-08-26T13:05:22.065031+00:00] No new data returned. Skipping.
[2026-08-26T13:10:06.154676+00:00] upserted 20 candles. Latest: 2026-08-26T13:05:00Z  close=4611.7802
[2026-08-26T13:15:03.666223+00:00] upserted 20 candles. Latest: 2026-08-26T13:10:00Z  close=4611.46606
[2026-08-26T13:20:01.903516+00:00] upserted 20 candles. Latest: 2026-08-26T13:15:00Z  close=4607.46113
[2026-08-26T13:25:02.149618+00:00] upserted 20 candles. Latest: 2026-08-26T13:20:00Z  close=4602.51822
[2026-08-26T13:30:05.500948+00:00] upserted 20 candles. Latest: 2026-08-26T13:25:00Z  close=4607.91423
[2026-08-26T13:35:02.453215+00:00] upserted 20 candles. Latest: 2026-08-26T13:30:00Z  close=4612.84106
[2026-08-26T13:40:03.086785+00:00] upserted 20 candles. Latest: 2026-08-26T13:35:00Z  close=4615.40979
[2026-08-26T13:45:02.061475+00:00] upserted 20 candles. Latest: 2026-08-26T13:40:00Z  close=4619.46785
[2026-08-26T13:50:05.491440+00:00] upserted 20 candles. Latest: 2026-08-26T13:45:00Z  close=4622.74766
[2026-08-26T13:55:03.865905+00:00] upserted 20 candles. Latest: 2026-08-26T13:50:00Z  close=4626.63952
[2026-08-26T14:00:02.311796+00:00] upserted 20 candles. Latest: 2026-08-26T13:55:00Z  close=4629.10797
[2026-08-26T14:05:02.797137+00:00] upserted 20 candles. Latest: 2026-08-26T14:00:00Z  close=4624.10572
[2026-08-26T14:10:03.624939+00:00] upserted 20 candles. Latest: 2026-08-26T14:05:00Z  close=4624.84619
[2026-08-26T14:15:02.788716+00:00] upserted 20 candles. Latest: 2026-08-26T14:10:00Z  close=4621.39287
[2026-08-26T14:20:02.071072+00:00] upserted 20 candles. Latest: 2026-08-26T14:15:00Z  close=4621.90103
[2026-08-26T14:25:02.689658+00:00] upserted 20 candles. Latest: 2026-08-26T14:20:00Z  close=4624.80824
[2026-08-26T14:30:01.689129+00:00] upserted 20 candles. Latest: 2026-08-26T14:25:00Z  close=4618.33188
[2026-08-26T14:35:03.654293+00:00] upserted 20 candles. Latest: 2026-08-26T14:30:00Z  close=4616.68074
[2026-08-26T14:40:02.729609+00:00] upserted 20 candles. Latest: 2026-08-26T14:35:00Z  close=4615.36225
[2026-08-26T14:45:05.477616+00:00] upserted 20 candles. Latest: 2026-08-26T14:40:00Z  close=4621.39538
[2026-08-26T14:50:05.807063+00:00] upserted 20 candles. Latest: 2026-08-26T14:45:00Z  close=4613.70586
[2026-08-26T14:55:01.772805+00:00] upserted 20 candles. Latest: 2026-08-26T14:50:00Z  close=4611.99509
[2026-08-26T15:00:03.765599+00:00] upserted 20 candles. Latest: 2026-08-26T14:55:00Z  close=4606.83192
[2026-08-26T15:05:03.503760+00:00] upserted 20 candles. Latest: 2026-08-26T15:00:00Z  close=4599.70395
[2026-08-26T15:10:04.885164+00:00] upserted 20 candles. Latest: 2026-08-26T15:05:00Z  close=4591.61087
[2026-08-26T15:15:06.083755+00:00] upserted 20 candles. Latest: 2026-08-26T15:10:00Z  close=4594.12342
[2026-08-26T15:20:02.421100+00:00] upserted 20 candles. Latest: 2026-08-26T15:15:00Z  close=4583.45927
[2026-08-26T15:25:03.087465+00:00] upserted 20 candles. Latest: 2026-08-26T15:20:00Z  close=4593.1591
[2026-08-26T15:30:02.203818+00:00] upserted 20 candles. Latest: 2026-08-26T15:25:00Z  close=4594.41742
[2026-08-26T15:35:04.415680+00:00] upserted 20 candles. Latest: 2026-08-26T15:30:00Z  close=4597.32767
[2026-08-26T15:40:02.672954+00:00] upserted 20 candles. Latest: 2026-08-26T15:35:00Z  close=4599.92711
[2026-08-26T15:45:02.540046+00:00] upserted 20 candles. Latest: 2026-08-26T15:40:00Z  close=4602.45543
[2026-08-26T15:50:04.111597+00:00] upserted 20 candles. Latest: 2026-08-26T15:45:00Z  close=4607.53369
[2026-08-26T15:55:02.469407+00:00] upserted 20 candles. Latest: 2026-08-26T15:50:00Z  close=4600.95148
[2026-08-26T16:00:03.006910+00:00] upserted 20 candles. Latest: 2026-08-26T15:55:00Z  close=4603.63748
[2026-08-26T16:05:02.014837+00:00] upserted 20 candles. Latest: 2026-08-26T16:00:00Z  close=4597.99406
[2026-08-26T16:10:06.126623+00:00] upserted 20 candles. Latest: 2026-08-26T16:05:00Z  close=4598.80497
[2026-08-26T16:15:02.703164+00:00] upserted 20 candles. Latest: 2026-08-26T16:10:00Z  close=4599.53959
[2026-08-26T16:20:01.738705+00:00] upserted 20 candles. Latest: 2026-08-26T16:15:00Z  close=4597.9409
[2026-08-26T16:25:01.745842+00:00] upserted 20 candles. Latest: 2026-08-26T16:20:00Z  close=4596.30331
[2026-08-26T16:30:05.233705+00:00] upserted 20 candles. Latest: 2026-08-26T16:25:00Z  close=4595.8106
[2026-08-26T16:35:03.688127+00:00] upserted 20 candles. Latest: 2026-08-26T16:30:00Z  close=4594.38285
[2026-08-26T16:40:02.174769+00:00] upserted 20 candles. Latest: 2026-08-26T16:35:00Z  close=4591.93244
[2026-08-26T16:45:05.752697+00:00] upserted 20 candles. Latest: 2026-08-26T16:40:00Z  close=4590.68042
[2026-08-26T16:50:04.903452+00:00] upserted 20 candles. Latest: 2026-08-26T16:45:00Z  close=4592.8913
[2026-08-26T16:55:01.890315+00:00] upserted 20 candles. Latest: 2026-08-26T16:50:00Z  close=4590.20734
[2026-08-26T17:00:02.355096+00:00] upserted 20 candles. Latest: 2026-08-26T16:55:00Z  close=4590.76387
[2026-08-26T17:05:02.298822+00:00] upserted 20 candles. Latest: 2026-08-26T17:00:00Z  close=4592.22504
[2026-08-26T17:10:06.126906+00:00] upserted 20 candles. Latest: 2026-08-26T17:05:00Z  close=4594.90334
[2026-08-26T17:15:02.154265+00:00] upserted 20 candles. Latest: 2026-08-26T17:10:00Z  close=4594.66203
[2026-08-26T17:20:02.719874+00:00] upserted 20 candles. Latest: 2026-08-26T17:15:00Z  close=4594.55846
[2026-08-26T17:25:01.688654+00:00] upserted 20 candles. Latest: 2026-08-26T17:20:00Z  close=4598.1509
[2026-08-26T17:30:01.669832+00:00] upserted 20 candles. Latest: 2026-08-26T17:25:00Z  close=4596.58194
[2026-08-26T17:35:01.762997+00:00] upserted 20 candles. Latest: 2026-08-26T17:30:00Z  close=4598.60229
[2026-08-26T17:40:01.720263+00:00] upserted 20 candles. Latest: 2026-08-26T17:35:00Z  close=4597.04826
[2026-08-26T17:45:02.287786+00:00] upserted 20 candles. Latest: 2026-08-26T17:40:00Z  close=4597.64729
[2026-08-26T17:50:02.350545+00:00] upserted 20 candles. Latest: 2026-08-26T17:45:00Z  close=4597.18965
[2026-08-26T17:55:03.738105+00:00] upserted 20 candles. Latest: 2026-08-26T17:50:00Z  close=4598.92637
[2026-08-26T18:00:03.973222+00:00] upserted 20 candles. Latest: 2026-08-26T17:55:00Z  close=4596.39383
[2026-08-26T18:05:01.874948+00:00] upserted 20 candles. Latest: 2026-08-26T18:00:00Z  close=4600.88745
[2026-08-26T18:10:02.599515+00:00] upserted 20 candles. Latest: 2026-08-26T18:05:00Z  close=4601.22189
[2026-08-26T18:15:04.605863+00:00] upserted 20 candles. Latest: 2026-08-26T18:10:00Z  close=4602.66912
[2026-08-26T18:20:02.842942+00:00] upserted 20 candles. Latest: 2026-08-26T18:15:00Z  close=4598.58948
[2026-08-26T18:25:04.688609+00:00] upserted 20 candles. Latest: 2026-08-26T18:20:00Z  close=4594.04359
[2026-08-26T18:30:02.725855+00:00] upserted 20 candles. Latest: 2026-08-26T18:25:00Z  close=4594.83139
[2026-08-26T18:35:01.727939+00:00] upserted 20 candles. Latest: 2026-08-26T18:30:00Z  close=4594.45823
[2026-08-26T18:40:01.687256+00:00] upserted 20 candles. Latest: 2026-08-26T18:35:00Z  close=4595.71297
[2026-08-26T18:45:05.176580+00:00] upserted 20 candles. Latest: 2026-08-26T18:40:00Z  close=4596.75352
[2026-08-26T18:50:05.524027+00:00] upserted 20 candles. Latest: 2026-08-26T18:45:00Z  close=4597.57013
[2026-08-26T18:55:02.510784+00:00] upserted 20 candles. Latest: 2026-08-26T18:50:00Z  close=4597.46575
[2026-08-26T19:00:02.973850+00:00] upserted 20 candles. Latest: 2026-08-26T18:55:00Z  close=4595.98631
[2026-08-26T19:05:01.938382+00:00] upserted 20 candles. Latest: 2026-08-26T19:00:00Z  close=4593.02621
[2026-08-26T19:10:03.909043+00:00] upserted 20 candles. Latest: 2026-08-26T19:05:00Z  close=4592.78104
[2026-08-26T19:15:02.125370+00:00] upserted 20 candles. Latest: 2026-08-26T19:10:00Z  close=4593.69504
[2026-08-26T19:20:02.053080+00:00] upserted 20 candles. Latest: 2026-08-26T19:15:00Z  close=4592.36737
[2026-08-26T19:25:03.714432+00:00] upserted 20 candles. Latest: 2026-08-26T19:20:00Z  close=4593.23178
[2026-08-26T19:30:01.652783+00:00] upserted 20 candles. Latest: 2026-08-26T19:25:00Z  close=4599.12379
[2026-08-26T19:35:01.654291+00:00] upserted 20 candles. Latest: 2026-08-26T19:30:00Z  close=4599.78099
[2026-08-26T19:40:08.310298+00:00] upserted 20 candles. Latest: 2026-08-26T19:35:00Z  close=4596.95379
[2026-08-26T19:45:04.398322+00:00] upserted 20 candles. Latest: 2026-08-26T19:40:00Z  close=4596.7813
[2026-08-26T19:50:04.831726+00:00] upserted 20 candles. Latest: 2026-08-26T19:45:00Z  close=4595.44783
[2026-08-26T19:55:02.023064+00:00] upserted 20 candles. Latest: 2026-08-26T19:50:00Z  close=4595.37849
[2026-08-26T20:00:02.682791+00:00] upserted 20 candles. Latest: 2026-08-26T19:55:00Z  close=4593.44716
[2026-08-26T20:05:03.369767+00:00] upserted 20 candles. Latest: 2026-08-26T20:00:00Z  close=4594.333
[2026-08-26T20:10:02.689581+00:00] upserted 20 candles. Latest: 2026-08-26T20:05:00Z  close=4595.87439
[2026-08-26T20:15:01.586356+00:00] upserted 20 candles. Latest: 2026-08-26T20:10:00Z  close=4592.80199
[2026-08-26T20:20:03.253669+00:00] upserted 20 candles. Latest: 2026-08-26T20:15:00Z  close=4589.4767
[2026-08-26T20:25:02.187439+00:00] upserted 20 candles. Latest: 2026-08-26T20:20:00Z  close=4586.67299
[2026-08-26T20:30:05.228720+00:00] upserted 20 candles. Latest: 2026-08-26T20:25:00Z  close=4591.50872
[2026-08-26T20:35:05.884878+00:00] upserted 20 candles. Latest: 2026-08-26T20:30:00Z  close=4591.29953
[2026-08-26T20:40:01.914472+00:00] upserted 20 candles. Latest: 2026-08-26T20:35:00Z  close=4593.06543
[2026-08-26T20:45:01.922420+00:00] upserted 20 candles. Latest: 2026-08-26T20:40:00Z  close=4592.80954
[2026-08-26T20:50:02.131847+00:00] upserted 20 candles. Latest: 2026-08-26T20:45:00Z  close=4592.2135
[2026-08-26T20:55:02.091748+00:00] upserted 20 candles. Latest: 2026-08-26T20:50:00Z  close=4592.92227
[2026-08-26T21:00:03.167561+00:00] upserted 20 candles. Latest: 2026-08-26T20:55:00Z  close=4594.32456
[2026-08-26T21:05:02.311491+00:00] upserted 20 candles. Latest: 2026-08-26T21:00:00Z  close=4593.67746
[2026-08-26T21:10:02.302820+00:00] upserted 20 candles. Latest: 2026-08-26T21:05:00Z  close=4593.7844
[2026-08-26T21:15:05.733094+00:00] upserted 20 candles. Latest: 2026-08-26T21:10:00Z  close=4593.79805
[2026-08-26T21:20:01.780116+00:00] upserted 20 candles. Latest: 2026-08-26T21:15:00Z  close=4593.89369
[2026-08-26T21:25:01.695890+00:00] upserted 20 candles. Latest: 2026-08-26T21:20:00Z  close=4593.69236
[2026-08-26T21:30:02.178393+00:00] upserted 20 candles. Latest: 2026-08-26T21:25:00Z  close=4593.77284
[2026-08-26T21:35:02.126827+00:00] upserted 20 candles. Latest: 2026-08-26T21:30:00Z  close=4593.6489
[2026-08-26T21:40:02.192069+00:00] upserted 20 candles. Latest: 2026-08-26T21:35:00Z  close=4593.81485
[2026-08-26T21:45:02.812784+00:00] upserted 20 candles. Latest: 2026-08-26T21:40:00Z  close=4593.67716
[2026-08-26T21:50:01.810814+00:00] upserted 20 candles. Latest: 2026-08-26T21:45:00Z  close=4593.68397
[2026-08-26T21:55:02.902399+00:00] upserted 20 candles. Latest: 2026-08-26T21:50:00Z  close=4594.06147
[2026-08-26T22:00:02.135126+00:00] upserted 20 candles. Latest: 2026-08-26T21:55:00Z  close=4593.72486
[2026-08-26T22:05:03.017561+00:00] upserted 20 candles. Latest: 2026-08-26T22:00:00Z  close=4604.29569
[2026-08-26T22:10:01.991269+00:00] upserted 20 candles. Latest: 2026-08-26T22:05:00Z  close=4604.16058
[2026-08-26T22:15:01.938849+00:00] upserted 20 candles. Latest: 2026-08-26T22:10:00Z  close=4602.68458
[2026-08-26T22:20:01.855094+00:00] upserted 20 candles. Latest: 2026-08-26T22:15:00Z  close=4609.89876
[2026-08-26T22:25:01.733034+00:00] upserted 20 candles. Latest: 2026-08-26T22:20:00Z  close=4609.09039
[2026-08-26T22:30:07.301141+00:00] upserted 20 candles. Latest: 2026-08-26T22:25:00Z  close=4606.50766
[2026-08-26T22:35:02.165544+00:00] upserted 20 candles. Latest: 2026-08-26T22:30:00Z  close=4611.35669
[2026-08-26T22:40:02.097325+00:00] upserted 20 candles. Latest: 2026-08-26T22:35:00Z  close=4609.31602
[2026-08-26T22:45:02.034972+00:00] upserted 20 candles. Latest: 2026-08-26T22:40:00Z  close=4610.32718
[2026-08-26T22:50:02.122474+00:00] upserted 20 candles. Latest: 2026-08-26T22:45:00Z  close=4609.93767
[2026-08-26T22:55:02.103147+00:00] upserted 20 candles. Latest: 2026-08-26T22:50:00Z  close=4607.87645
[2026-08-26T23:00:04.804357+00:00] upserted 20 candles. Latest: 2026-08-26T22:55:00Z  close=4608.41122
[2026-08-26T23:05:01.724826+00:00] upserted 20 candles. Latest: 2026-08-26T23:00:00Z  close=4607.39449
[2026-08-26T23:10:01.714609+00:00] upserted 20 candles. Latest: 2026-08-26T23:05:00Z  close=4611.79988
[2026-08-26T23:15:02.691701+00:00] upserted 20 candles. Latest: 2026-08-26T23:10:00Z  close=4612.23315
[2026-08-26T23:20:01.516438+00:00] upserted 20 candles. Latest: 2026-08-26T23:15:00Z  close=4617.75018
[2026-08-26T23:25:02.685105+00:00] upserted 20 candles. Latest: 2026-08-26T23:20:00Z  close=4621.70718
[2026-08-26T23:30:02.667327+00:00] upserted 20 candles. Latest: 2026-08-26T23:25:00Z  close=4621.73368
[2026-08-26T23:35:03.181286+00:00] upserted 20 candles. Latest: 2026-08-26T23:30:00Z  close=4618.71146
[2026-08-26T23:40:02.097852+00:00] upserted 20 candles. Latest: 2026-08-26T23:35:00Z  close=4619.93267
[2026-08-26T23:45:02.343463+00:00] upserted 20 candles. Latest: 2026-08-26T23:40:00Z  close=4622.97172
[2026-08-26T23:50:02.280813+00:00] upserted 20 candles. Latest: 2026-08-26T23:45:00Z  close=4622.68911
[2026-08-26T23:55:02.247652+00:00] upserted 20 candles. Latest: 2026-08-26T23:50:00Z  close=4622.69136
[2026-08-27T00:00:04.882512+00:00] upserted 20 candles. Latest: 2026-08-26T23:55:00Z  close=4623.19889
[2026-08-27T00:05:01.954138+00:00] upserted 20 candles. Latest: 2026-08-27T00:00:00Z  close=4624.8544
[2026-08-27T00:10:01.903261+00:00] upserted 20 candles. Latest: 2026-08-27T00:05:00Z  close=4619.09622
[2026-08-27T00:15:01.921628+00:00] upserted 20 candles. Latest: 2026-08-27T00:10:00Z  close=4617.96567
[2026-08-27T00:20:01.923162+00:00] upserted 20 candles. Latest: 2026-08-27T00:15:00Z  close=4614.22758
[2026-08-27T00:25:01.859027+00:00] upserted 20 candles. Latest: 2026-08-27T00:20:00Z  close=4620.53447
[2026-08-27T00:30:05.010451+00:00] upserted 20 candles. Latest: 2026-08-27T00:25:00Z  close=4619.08627
[2026-08-27T00:35:02.376137+00:00] upserted 20 candles. Latest: 2026-08-27T00:30:00Z  close=4614.59488
[2026-08-27T00:40:02.363049+00:00] upserted 20 candles. Latest: 2026-08-27T00:35:00Z  close=4613.11809
[2026-08-27T00:45:03.349844+00:00] upserted 20 candles. Latest: 2026-08-27T00:40:00Z  close=4609.98618
[2026-08-27T00:50:09.164741+00:00] upserted 20 candles. Latest: 2026-08-27T00:45:00Z  close=4607.18504
[2026-08-27T00:55:02.093218+00:00] upserted 20 candles. Latest: 2026-08-27T00:50:00Z  close=4603.17022
[2026-08-27T01:00:02.134928+00:00] upserted 20 candles. Latest: 2026-08-27T00:55:00Z  close=4604.15421
[2026-08-27T01:05:02.086296+00:00] upserted 20 candles. Latest: 2026-08-27T01:00:00Z  close=4610.2152
[2026-08-27T01:10:02.014336+00:00] upserted 20 candles. Latest: 2026-08-27T01:05:00Z  close=4616.90953
[2026-08-27T01:15:03.029903+00:00] upserted 20 candles. Latest: 2026-08-27T01:10:00Z  close=4620.6463
[2026-08-27T01:20:01.960347+00:00] upserted 20 candles. Latest: 2026-08-27T01:15:00Z  close=4618.18096
[2026-08-27T01:25:03.277550+00:00] upserted 20 candles. Latest: 2026-08-27T01:20:00Z  close=4622.86698
[2026-08-27T01:30:02.273322+00:00] upserted 20 candles. Latest: 2026-08-27T01:25:00Z  close=4621.03676
[2026-08-27T01:35:02.206849+00:00] upserted 20 candles. Latest: 2026-08-27T01:30:00Z  close=4621.28717
